// Jest Snapshot v1, https://goo.gl/fbAQLP

exports[`delete secret secret deleted: secret removal 1`] = `
Array [
  Array [
    "DELETE FROM \\"database-id\\".\\"secrets-table-id\\" 
     WHERE \\"id\\"=\\"secret-selector\\"",
  ],
]
`;

exports[`get secret reading secret: reading secret, secret exists 1`] = `
Array [
  Array [
    "
    SELECT \\"secret\\" 
    FROM \\"database-id\\".\\"secrets-table-id\\" 
    WHERE \\"id\\"=\\"secret-selector\\" LIMIT 1;",
  ],
]
`;

exports[`set secret error on setting secret: error on setting secret 1`] = `
Array [
  Array [
    "INSERT INTO \\"database-id\\".\\"secrets-table-id\\"(\\"id\\", \\"secret\\") 
    VALUES (\\"secret-selector\\", \\"secret-value\\")",
  ],
]
`;

exports[`set secret secret is set: setting secret 1`] = `
Array [
  Array [
    "INSERT INTO \\"database-id\\".\\"secrets-table-id\\"(\\"id\\", \\"secret\\") 
    VALUES (\\"secret-selector\\", \\"secret-value\\")",
  ],
]
`;
